

================================================================
== Vivado HLS Report for 'dijkstra'
================================================================
* Date:           Fri Jun 17 00:06:07 2016

* Version:        2014.4 (Build 1071461 on Tue Nov 18 16:42:57 PM 2014)
* Project:        dijkstra_hls
* Solution:       solution1
* Product family: zynq
* Target device:  xc7z020clg484-1


================================================================
== Performance Estimates
================================================================
+ Timing (ns): 
    * Summary: 
    +---------+-------+----------+------------+
    |  Clock  | Target| Estimated| Uncertainty|
    +---------+-------+----------+------------+
    |default  |  10.00|      8.73|        1.25|
    +---------+-------+----------+------------+

+ Latency (clock cycles): 
    * Summary: 
    +-----+-----+-----+-----+---------+
    |  Latency  |  Interval | Pipeline|
    | min | max | min | max |   Type  |
    +-----+-----+-----+-----+---------+
    |    ?|    ?|    ?|    ?|   none  |
    +-----+-----+-----+-----+---------+

    + Detail: 
        * Instance: 
        N/A

        * Loop: 
        +-------------+-----+-----+----------+-----------+-----------+------+----------+
        |             |  Latency  | Iteration|  Initiation Interval  | Trip |          |
        |  Loop Name  | min | max |  Latency |  achieved |   target  | Count| Pipelined|
        +-------------+-----+-----+----------+-----------+-----------+------+----------+
        |- main_loop  |    ?|    ?|  37 ~ 38 |          -|          -|     ?|    no    |
        +-------------+-----+-----+----------+-----------+-----------+------+----------+



================================================================
== Utilization Estimates
================================================================
* Summary: 
+-----------------+---------+-------+--------+-------+
|       Name      | BRAM_18K| DSP48E|   FF   |  LUT  |
+-----------------+---------+-------+--------+-------+
|Expression       |        -|      -|       0|   2346|
|FIFO             |        -|      -|       -|      -|
|Instance         |        0|      -|      50|     56|
|Memory           |        -|      -|       -|      -|
|Multiplexer      |        -|      -|       -|   2344|
|Register         |        -|      -|    2412|      -|
+-----------------+---------+-------+--------+-------+
|Total            |        0|      0|    2462|   4746|
+-----------------+---------+-------+--------+-------+
|Available        |      280|    220|  106400|  53200|
+-----------------+---------+-------+--------+-------+
|Utilization (%)  |        0|      0|       2|      8|
+-----------------+---------+-------+--------+-------+

+ Detail: 
    * Instance: 
    +---------------------------+-------------------------+---------+-------+----+----+
    |          Instance         |          Module         | BRAM_18K| DSP48E| FF | LUT|
    +---------------------------+-------------------------+---------+-------+----+----+
    |dijkstra_AXILiteS_s_axi_U  |dijkstra_AXILiteS_s_axi  |        0|      0|  50|  56|
    +---------------------------+-------------------------+---------+-------+----+----+
    |Total                      |                         |        0|      0|  50|  56|
    +---------------------------+-------------------------+---------+-------+----+----+

    * Memory: 
    N/A

    * FIFO: 
    N/A

    * Expression: 
    +--------------------------------------------+----------+-------+---+----+------------+------------+
    |                Variable Name               | Operation| DSP48E| FF| LUT| Bitwidth P0| Bitwidth P1|
    +--------------------------------------------+----------+-------+---+----+------------+------------+
    |tmp_1_fu_4021_p2                            |     -    |      0|  0|   8|           8|           8|
    |tmp_20_0_1_fu_4031_p2                       |     -    |      0|  0|   8|           8|           8|
    |tmp_20_0_2_fu_4041_p2                       |     -    |      0|  0|   8|           8|           8|
    |tmp_20_0_3_fu_4051_p2                       |     -    |      0|  0|   8|           8|           8|
    |tmp_20_0_4_fu_4061_p2                       |     -    |      0|  0|   8|           8|           8|
    |tmp_20_0_5_fu_4071_p2                       |     -    |      0|  0|   8|           8|           8|
    |tmp_20_0_6_fu_4081_p2                       |     -    |      0|  0|   8|           8|           8|
    |tmp_20_0_7_fu_4091_p2                       |     -    |      0|  0|   8|           8|           8|
    |tmp_20_1_1_fu_4111_p2                       |     -    |      0|  0|   8|           8|           8|
    |tmp_20_1_2_fu_4121_p2                       |     -    |      0|  0|   8|           8|           8|
    |tmp_20_1_3_fu_4131_p2                       |     -    |      0|  0|   8|           8|           8|
    |tmp_20_1_4_fu_4141_p2                       |     -    |      0|  0|   8|           8|           8|
    |tmp_20_1_5_fu_4151_p2                       |     -    |      0|  0|   8|           8|           8|
    |tmp_20_1_6_fu_4161_p2                       |     -    |      0|  0|   8|           8|           8|
    |tmp_20_1_7_fu_4171_p2                       |     -    |      0|  0|   8|           8|           8|
    |tmp_20_1_fu_4101_p2                         |     -    |      0|  0|   8|           8|           8|
    |tmp_20_2_1_fu_4191_p2                       |     -    |      0|  0|   8|           8|           8|
    |tmp_20_2_2_fu_4201_p2                       |     -    |      0|  0|   8|           8|           8|
    |tmp_20_2_3_fu_4211_p2                       |     -    |      0|  0|   8|           8|           8|
    |tmp_20_2_4_fu_4221_p2                       |     -    |      0|  0|   8|           8|           8|
    |tmp_20_2_5_fu_4231_p2                       |     -    |      0|  0|   8|           8|           8|
    |tmp_20_2_6_fu_4241_p2                       |     -    |      0|  0|   8|           8|           8|
    |tmp_20_2_7_fu_4251_p2                       |     -    |      0|  0|   8|           8|           8|
    |tmp_20_2_fu_4181_p2                         |     -    |      0|  0|   8|           8|           8|
    |tmp_20_3_1_fu_4271_p2                       |     -    |      0|  0|   8|           8|           8|
    |tmp_20_3_2_fu_4281_p2                       |     -    |      0|  0|   8|           8|           8|
    |tmp_20_3_3_fu_4291_p2                       |     -    |      0|  0|   8|           8|           8|
    |tmp_20_3_4_fu_4301_p2                       |     -    |      0|  0|   8|           8|           8|
    |tmp_20_3_5_fu_4311_p2                       |     -    |      0|  0|   8|           8|           8|
    |tmp_20_3_6_fu_4321_p2                       |     -    |      0|  0|   8|           8|           8|
    |tmp_20_3_7_fu_4331_p2                       |     -    |      0|  0|   8|           8|           8|
    |tmp_20_3_fu_4261_p2                         |     -    |      0|  0|   8|           8|           8|
    |tmp_20_4_1_fu_4351_p2                       |     -    |      0|  0|   8|           8|           8|
    |tmp_20_4_2_fu_4361_p2                       |     -    |      0|  0|   8|           8|           8|
    |tmp_20_4_3_fu_4371_p2                       |     -    |      0|  0|   8|           8|           8|
    |tmp_20_4_4_fu_4381_p2                       |     -    |      0|  0|   8|           8|           8|
    |tmp_20_4_5_fu_4391_p2                       |     -    |      0|  0|   8|           8|           8|
    |tmp_20_4_6_fu_4401_p2                       |     -    |      0|  0|   8|           8|           8|
    |tmp_20_4_7_fu_4411_p2                       |     -    |      0|  0|   8|           8|           8|
    |tmp_20_4_fu_4341_p2                         |     -    |      0|  0|   8|           8|           8|
    |tmp_20_5_1_fu_4431_p2                       |     -    |      0|  0|   8|           8|           8|
    |tmp_20_5_2_fu_4441_p2                       |     -    |      0|  0|   8|           8|           8|
    |tmp_20_5_3_fu_4451_p2                       |     -    |      0|  0|   8|           8|           8|
    |tmp_20_5_4_fu_4461_p2                       |     -    |      0|  0|   8|           8|           8|
    |tmp_20_5_5_fu_4471_p2                       |     -    |      0|  0|   8|           8|           8|
    |tmp_20_5_6_fu_4481_p2                       |     -    |      0|  0|   8|           8|           8|
    |tmp_20_5_7_fu_4491_p2                       |     -    |      0|  0|   8|           8|           8|
    |tmp_20_5_fu_4421_p2                         |     -    |      0|  0|   8|           8|           8|
    |tmp_20_6_1_fu_4511_p2                       |     -    |      0|  0|   8|           8|           8|
    |tmp_20_6_2_fu_4521_p2                       |     -    |      0|  0|   8|           8|           8|
    |tmp_20_6_3_fu_4531_p2                       |     -    |      0|  0|   8|           8|           8|
    |tmp_20_6_4_fu_4541_p2                       |     -    |      0|  0|   8|           8|           8|
    |tmp_20_6_5_fu_4551_p2                       |     -    |      0|  0|   8|           8|           8|
    |tmp_20_6_6_fu_4561_p2                       |     -    |      0|  0|   8|           8|           8|
    |tmp_20_6_7_fu_4571_p2                       |     -    |      0|  0|   8|           8|           8|
    |tmp_20_6_fu_4501_p2                         |     -    |      0|  0|   8|           8|           8|
    |tmp_20_7_1_fu_4591_p2                       |     -    |      0|  0|   8|           8|           8|
    |tmp_20_7_2_fu_4601_p2                       |     -    |      0|  0|   8|           8|           8|
    |tmp_20_7_3_fu_4611_p2                       |     -    |      0|  0|   8|           8|           8|
    |tmp_20_7_4_fu_4621_p2                       |     -    |      0|  0|   8|           8|           8|
    |tmp_20_7_5_fu_4631_p2                       |     -    |      0|  0|   8|           8|           8|
    |tmp_20_7_6_fu_4641_p2                       |     -    |      0|  0|   8|           8|           8|
    |tmp_20_7_7_fu_4651_p2                       |     -    |      0|  0|   8|           8|           8|
    |tmp_20_7_fu_4581_p2                         |     -    |      0|  0|   8|           8|           8|
    |min_2_1_fu_3256_p3                          |  Select  |      0|  0|   8|           1|           8|
    |min_2_2_fu_3367_p3                          |  Select  |      0|  0|   8|           1|           8|
    |min_2_3_fu_3477_p3                          |  Select  |      0|  0|   8|           1|           8|
    |min_2_4_fu_3586_p3                          |  Select  |      0|  0|   8|           1|           8|
    |min_2_5_fu_3696_p3                          |  Select  |      0|  0|   8|           1|           8|
    |min_2_6_fu_3805_p3                          |  Select  |      0|  0|   8|           1|           8|
    |min_2_7_fu_3916_p3                          |  Select  |      0|  0|   8|           1|           8|
    |min_3_1_fu_3355_p3                          |  Select  |      0|  0|   8|           1|           8|
    |min_3_2_fu_3466_p3                          |  Select  |      0|  0|   8|           1|           8|
    |min_3_3_fu_3574_p3                          |  Select  |      0|  0|   8|           1|           8|
    |min_3_4_fu_3684_p3                          |  Select  |      0|  0|   8|           1|           8|
    |min_3_5_fu_3794_p3                          |  Select  |      0|  0|   8|           1|           8|
    |min_3_6_fu_3904_p3                          |  Select  |      0|  0|   8|           1|           8|
    |min_3_7_fu_4015_p3                          |  Select  |      0|  0|   8|           1|           8|
    |min_3_fu_3244_p3                            |  Select  |      0|  0|   8|           1|           8|
    |min_4_0_1_min_2_fu_3157_p3                  |  Select  |      0|  0|   8|           1|           8|
    |min_4_0_2_min_4_0_1_min_2_fu_3171_p3        |  Select  |      0|  0|   8|           1|           8|
    |min_4_0_3_min_4_0_2_min_4_0_1_s_fu_3184_p3  |  Select  |      0|  0|   8|           1|           8|
    |min_4_0_4_min_4_0_3_min_4_0_2_s_fu_3197_p3  |  Select  |      0|  0|   8|           1|           8|
    |min_4_0_6_sel_SEBB_fu_3222_p3               |  Select  |      0|  0|   8|           1|           8|
    |min_4_0_7_min_4_0_6_sel_SEBB_fu_3236_p3     |  Select  |      0|  0|   8|           1|           8|
    |min_4_1_1_min_2_1_fu_3270_p3                |  Select  |      0|  0|   8|           1|           8|
    |min_4_1_2_min_4_1_1_min_2_1_fu_3283_p3      |  Select  |      0|  0|   8|           1|           8|
    |min_4_1_3_min_4_1_2_min_4_1_1_s_fu_3296_p3  |  Select  |      0|  0|   8|           1|           8|
    |min_4_1_4_min_4_1_3_min_4_1_2_s_fu_3310_p3  |  Select  |      0|  0|   8|           1|           8|
    |min_4_1_6_sel_SEBB_fu_3335_p3               |  Select  |      0|  0|   8|           1|           8|
    |min_4_1_7_min_4_1_6_sel_SEBB_fu_3348_p3     |  Select  |      0|  0|   8|           1|           8|
    |min_4_2_1_min_2_2_fu_3380_p3                |  Select  |      0|  0|   8|           1|           8|
    |min_4_2_2_min_4_2_1_min_2_2_fu_3393_p3      |  Select  |      0|  0|   8|           1|           8|
    |min_4_2_3_min_4_2_2_min_4_2_1_s_fu_3407_p3  |  Select  |      0|  0|   8|           1|           8|
    |min_4_2_4_min_4_2_3_min_4_2_2_s_fu_3418_p3  |  Select  |      0|  0|   8|           1|           8|
    |min_4_2_6_sel_SEBB_fu_3445_p3               |  Select  |      0|  0|   8|           1|           8|
    |min_4_2_7_min_4_2_6_sel_SEBB_fu_3458_p3     |  Select  |      0|  0|   8|           1|           8|
    |min_4_3_1_min_2_3_fu_3490_p3                |  Select  |      0|  0|   8|           1|           8|
    |min_4_3_2_min_4_3_1_min_2_3_fu_3504_p3      |  Select  |      0|  0|   8|           1|           8|
    |min_4_3_3_min_4_3_2_min_4_3_1_s_fu_3515_p3  |  Select  |      0|  0|   8|           1|           8|
    |min_4_3_4_min_4_3_3_min_4_3_2_s_fu_3529_p3  |  Select  |      0|  0|   8|           1|           8|
    |min_4_3_6_sel_SEBB_fu_3555_p3               |  Select  |      0|  0|   8|           1|           8|
    |min_4_3_7_min_4_3_6_sel_SEBB_fu_3569_p3     |  Select  |      0|  0|   8|           1|           8|
    |min_4_4_1_min_2_4_fu_3600_p3                |  Select  |      0|  0|   8|           1|           8|
    |min_4_4_2_min_4_4_1_min_2_4_fu_3611_p3      |  Select  |      0|  0|   8|           1|           8|
    |min_4_4_3_min_4_4_2_min_4_4_1_s_fu_3625_p3  |  Select  |      0|  0|   8|           1|           8|
    |min_4_4_4_min_4_4_3_min_4_4_2_s_fu_3638_p3  |  Select  |      0|  0|   8|           1|           8|
    |min_4_4_6_sel_SEBB_fu_3665_p3               |  Select  |      0|  0|   8|           1|           8|
    |min_4_4_7_min_4_4_6_sel_SEBB_fu_3676_p3     |  Select  |      0|  0|   8|           1|           8|
    |min_4_5_1_min_2_5_fu_3707_p3                |  Select  |      0|  0|   8|           1|           8|
    |min_4_5_2_min_4_5_1_min_2_5_fu_3721_p3      |  Select  |      0|  0|   8|           1|           8|
    |min_4_5_3_min_4_5_2_min_4_5_1_s_fu_3734_p3  |  Select  |      0|  0|   8|           1|           8|
    |min_4_5_4_min_4_5_3_min_4_5_2_s_fu_3747_p3  |  Select  |      0|  0|   8|           1|           8|
    |min_4_5_6_sel_SEBB_fu_3772_p3               |  Select  |      0|  0|   8|           1|           8|
    |min_4_5_7_min_4_5_6_sel_SEBB_fu_3786_p3     |  Select  |      0|  0|   8|           1|           8|
    |min_4_6_1_min_2_6_fu_3819_p3                |  Select  |      0|  0|   8|           1|           8|
    |min_4_6_2_min_4_6_1_min_2_6_fu_3832_p3      |  Select  |      0|  0|   8|           1|           8|
    |min_4_6_3_min_4_6_2_min_4_6_1_s_fu_3845_p3  |  Select  |      0|  0|   8|           1|           8|
    |min_4_6_4_min_4_6_3_min_4_6_2_s_fu_3859_p3  |  Select  |      0|  0|   8|           1|           8|
    |min_4_6_6_sel_SEBB_fu_3884_p3               |  Select  |      0|  0|   8|           1|           8|
    |min_4_6_7_min_4_6_6_sel_SEBB_fu_3897_p3     |  Select  |      0|  0|   8|           1|           8|
    |min_4_7_1_min_2_7_fu_3929_p3                |  Select  |      0|  0|   8|           1|           8|
    |min_4_7_2_min_4_7_1_min_2_7_fu_3942_p3      |  Select  |      0|  0|   8|           1|           8|
    |min_4_7_3_min_4_7_2_min_4_7_1_s_fu_3956_p3  |  Select  |      0|  0|   8|           1|           8|
    |min_4_7_4_min_4_7_3_min_4_7_2_s_fu_3967_p3  |  Select  |      0|  0|   8|           1|           8|
    |min_4_7_6_sel_SEBB_fu_3994_p3               |  Select  |      0|  0|   8|           1|           8|
    |min_4_7_7_min_4_7_6_sel_SEBB_fu_4007_p3     |  Select  |      0|  0|   8|           1|           8|
    |sel_SEBB1_fu_3321_p3                        |  Select  |      0|  0|   8|           1|           8|
    |sel_SEBB2_fu_3432_p3                        |  Select  |      0|  0|   8|           1|           8|
    |sel_SEBB3_fu_3542_p3                        |  Select  |      0|  0|   8|           1|           8|
    |sel_SEBB4_fu_3651_p3                        |  Select  |      0|  0|   8|           1|           8|
    |sel_SEBB5_fu_3761_p3                        |  Select  |      0|  0|   8|           1|           8|
    |sel_SEBB6_fu_3870_p3                        |  Select  |      0|  0|   8|           1|           8|
    |sel_SEBB7_fu_3981_p3                        |  Select  |      0|  0|   8|           1|           8|
    |sel_SEBB_fu_3211_p3                         |  Select  |      0|  0|   8|           1|           8|
    |ap_sig_bdd_1631                             |    and   |      0|  0|   1|           1|           1|
    |ap_sig_bdd_1645                             |    and   |      0|  0|   1|           1|           1|
    |ap_sig_bdd_1726                             |    and   |      0|  0|   1|           1|           1|
    |ap_sig_bdd_1740                             |    and   |      0|  0|   1|           1|           1|
    |ap_sig_bdd_1822                             |    and   |      0|  0|   1|           1|           1|
    |ap_sig_bdd_1836                             |    and   |      0|  0|   1|           1|           1|
    |ap_sig_bdd_1917                             |    and   |      0|  0|   1|           1|           1|
    |ap_sig_bdd_1931                             |    and   |      0|  0|   1|           1|           1|
    |ap_sig_bdd_2012                             |    and   |      0|  0|   1|           1|           1|
    |ap_sig_bdd_2026                             |    and   |      0|  0|   1|           1|           1|
    |ap_sig_bdd_2108                             |    and   |      0|  0|   1|           1|           1|
    |ap_sig_bdd_2215                             |    and   |      0|  0|   1|           1|           1|
    |ap_sig_bdd_813                              |    and   |      0|  0|   1|           1|           1|
    |end_0_6_fu_5543_p2                          |    and   |      0|  0|   1|           1|           1|
    |newSel1_fu_2588_p2                          |    and   |      0|  0|   1|           1|           1|
    |newSel2_fu_2621_p2                          |    and   |      0|  0|   1|           1|           1|
    |newSel3_fu_2642_p2                          |    and   |      0|  0|   1|           1|           1|
    |newSel4_fu_2648_p2                          |    and   |      0|  0|   1|           1|           1|
    |newSel5_fu_2675_p2                          |    and   |      0|  0|   1|           1|           1|
    |newSel6_fu_2681_p2                          |    and   |      0|  0|   1|           1|           1|
    |newSel_fu_2576_p2                           |    and   |      0|  0|   1|           1|           1|
    |sel_tmp3_fu_2543_p2                         |    and   |      0|  0|   1|           1|           1|
    |tmp1_fu_5513_p2                             |    and   |      0|  0|   1|           1|           1|
    |tmp2_fu_5525_p2                             |    and   |      0|  0|   1|           1|           1|
    |tmp3_fu_5531_p2                             |    and   |      0|  0|   1|           1|           1|
    |tmp4_fu_5537_p2                             |    and   |      0|  0|   1|           1|           1|
    |tmp_fu_5519_p2                              |    and   |      0|  0|   1|           1|           1|
    |vector_1_fu_2522_p2                         |    and   |      0|  0|   1|           1|           1|
    |vector_2_fu_2549_p2                         |    and   |      0|  0|   1|           1|           1|
    |sel_tmp1_fu_2511_p2                         |   icmp   |      0|  0|   3|           3|           1|
    |sel_tmp2_fu_2532_p2                         |   icmp   |      0|  0|   3|           3|           2|
    |sel_tmp4_fu_2559_p2                         |   icmp   |      0|  0|   3|           3|           2|
    |sel_tmp5_fu_2598_p2                         |   icmp   |      0|  0|   4|           3|           4|
    |sel_tmp6_fu_2631_p2                         |   icmp   |      0|  0|   3|           3|           3|
    |sel_tmp7_fu_2658_p2                         |   icmp   |      0|  0|   3|           3|           3|
    |sel_tmp_fu_2502_p2                          |   icmp   |      0|  0|   3|           3|           1|
    |tmp_16_0_1_fu_3151_p2                       |   icmp   |      0|  0|   8|           8|           8|
    |tmp_16_0_2_fu_3165_p2                       |   icmp   |      0|  0|   8|           8|           8|
    |tmp_16_0_3_fu_3179_p2                       |   icmp   |      0|  0|   8|           8|           8|
    |tmp_16_0_4_fu_3191_p2                       |   icmp   |      0|  0|   8|           8|           8|
    |tmp_16_0_5_fu_3205_p2                       |   icmp   |      0|  0|   8|           8|           8|
    |tmp_16_0_6_fu_3216_p2                       |   icmp   |      0|  0|   8|           8|           8|
    |tmp_16_0_7_fu_3230_p2                       |   icmp   |      0|  0|   8|           8|           8|
    |tmp_16_1_1_fu_3264_p2                       |   icmp   |      0|  0|   8|           8|           8|
    |tmp_16_1_2_fu_3278_p2                       |   icmp   |      0|  0|   8|           8|           8|
    |tmp_16_1_3_fu_3290_p2                       |   icmp   |      0|  0|   8|           8|           8|
    |tmp_16_1_4_fu_3304_p2                       |   icmp   |      0|  0|   8|           8|           8|
    |tmp_16_1_5_fu_3315_p2                       |   icmp   |      0|  0|   8|           8|           8|
    |tmp_16_1_6_fu_3329_p2                       |   icmp   |      0|  0|   8|           8|           8|
    |tmp_16_1_7_fu_3343_p2                       |   icmp   |      0|  0|   8|           8|           8|
    |tmp_16_1_fu_3250_p2                         |   icmp   |      0|  0|   8|           8|           8|
    |tmp_16_2_1_fu_3375_p2                       |   icmp   |      0|  0|   8|           8|           8|
    |tmp_16_2_2_fu_3387_p2                       |   icmp   |      0|  0|   8|           8|           8|
    |tmp_16_2_3_fu_3401_p2                       |   icmp   |      0|  0|   8|           8|           8|
    |tmp_16_2_4_fu_3412_p2                       |   icmp   |      0|  0|   8|           8|           8|
    |tmp_16_2_5_fu_3426_p2                       |   icmp   |      0|  0|   8|           8|           8|
    |tmp_16_2_6_fu_3440_p2                       |   icmp   |      0|  0|   8|           8|           8|
    |tmp_16_2_7_fu_3452_p2                       |   icmp   |      0|  0|   8|           8|           8|
    |tmp_16_2_fu_3361_p2                         |   icmp   |      0|  0|   8|           8|           8|
    |tmp_16_3_1_fu_3484_p2                       |   icmp   |      0|  0|   8|           8|           8|
    |tmp_16_3_2_fu_3498_p2                       |   icmp   |      0|  0|   8|           8|           8|
    |tmp_16_3_3_fu_3509_p2                       |   icmp   |      0|  0|   8|           8|           8|
    |tmp_16_3_4_fu_3523_p2                       |   icmp   |      0|  0|   8|           8|           8|
    |tmp_16_3_5_fu_3537_p2                       |   icmp   |      0|  0|   8|           8|           8|
    |tmp_16_3_6_fu_3549_p2                       |   icmp   |      0|  0|   8|           8|           8|
    |tmp_16_3_7_fu_3563_p2                       |   icmp   |      0|  0|   8|           8|           8|
    |tmp_16_3_fu_3472_p2                         |   icmp   |      0|  0|   8|           8|           8|
    |tmp_16_4_1_fu_3594_p2                       |   icmp   |      0|  0|   8|           8|           8|
    |tmp_16_4_2_fu_3605_p2                       |   icmp   |      0|  0|   8|           8|           8|
    |tmp_16_4_3_fu_3619_p2                       |   icmp   |      0|  0|   8|           8|           8|
    |tmp_16_4_4_fu_3633_p2                       |   icmp   |      0|  0|   8|           8|           8|
    |tmp_16_4_5_fu_3645_p2                       |   icmp   |      0|  0|   8|           8|           8|
    |tmp_16_4_6_fu_3659_p2                       |   icmp   |      0|  0|   8|           8|           8|
    |tmp_16_4_7_fu_3670_p2                       |   icmp   |      0|  0|   8|           8|           8|
    |tmp_16_4_fu_3580_p2                         |   icmp   |      0|  0|   8|           8|           8|
    |tmp_16_5_1_fu_3701_p2                       |   icmp   |      0|  0|   8|           8|           8|
    |tmp_16_5_2_fu_3715_p2                       |   icmp   |      0|  0|   8|           8|           8|
    |tmp_16_5_3_fu_3729_p2                       |   icmp   |      0|  0|   8|           8|           8|
    |tmp_16_5_4_fu_3741_p2                       |   icmp   |      0|  0|   8|           8|           8|
    |tmp_16_5_5_fu_3755_p2                       |   icmp   |      0|  0|   8|           8|           8|
    |tmp_16_5_6_fu_3766_p2                       |   icmp   |      0|  0|   8|           8|           8|
    |tmp_16_5_7_fu_3780_p2                       |   icmp   |      0|  0|   8|           8|           8|
    |tmp_16_5_fu_3690_p2                         |   icmp   |      0|  0|   8|           8|           8|
    |tmp_16_6_1_fu_3813_p2                       |   icmp   |      0|  0|   8|           8|           8|
    |tmp_16_6_2_fu_3827_p2                       |   icmp   |      0|  0|   8|           8|           8|
    |tmp_16_6_3_fu_3839_p2                       |   icmp   |      0|  0|   8|           8|           8|
    |tmp_16_6_4_fu_3853_p2                       |   icmp   |      0|  0|   8|           8|           8|
    |tmp_16_6_5_fu_3864_p2                       |   icmp   |      0|  0|   8|           8|           8|
    |tmp_16_6_6_fu_3878_p2                       |   icmp   |      0|  0|   8|           8|           8|
    |tmp_16_6_7_fu_3892_p2                       |   icmp   |      0|  0|   8|           8|           8|
    |tmp_16_6_fu_3799_p2                         |   icmp   |      0|  0|   8|           8|           8|
    |tmp_16_7_1_fu_3924_p2                       |   icmp   |      0|  0|   8|           8|           8|
    |tmp_16_7_2_fu_3936_p2                       |   icmp   |      0|  0|   8|           8|           8|
    |tmp_16_7_3_fu_3950_p2                       |   icmp   |      0|  0|   8|           8|           8|
    |tmp_16_7_4_fu_3961_p2                       |   icmp   |      0|  0|   8|           8|           8|
    |tmp_16_7_5_fu_3975_p2                       |   icmp   |      0|  0|   8|           8|           8|
    |tmp_16_7_6_fu_3989_p2                       |   icmp   |      0|  0|   8|           8|           8|
    |tmp_16_7_7_fu_4001_p2                       |   icmp   |      0|  0|   8|           8|           8|
    |tmp_16_7_fu_3910_p2                         |   icmp   |      0|  0|   8|           8|           8|
    |tmp_18_1_fu_4757_p2                         |   icmp   |      0|  0|   8|           8|           1|
    |tmp_18_2_fu_4859_p2                         |   icmp   |      0|  0|   8|           8|           1|
    |tmp_18_3_fu_4961_p2                         |   icmp   |      0|  0|   8|           8|           1|
    |tmp_18_4_fu_5063_p2                         |   icmp   |      0|  0|   8|           8|           1|
    |tmp_18_5_fu_5165_p2                         |   icmp   |      0|  0|   8|           8|           1|
    |tmp_18_6_fu_5267_p2                         |   icmp   |      0|  0|   8|           8|           1|
    |tmp_18_7_fu_5369_p2                         |   icmp   |      0|  0|   8|           8|           1|
    |tmp_22_1_fu_5477_p2                         |   icmp   |      0|  0|   8|           8|           1|
    |tmp_22_2_fu_5483_p2                         |   icmp   |      0|  0|   8|           8|           1|
    |tmp_22_3_fu_5489_p2                         |   icmp   |      0|  0|   8|           8|           1|
    |tmp_22_4_fu_5495_p2                         |   icmp   |      0|  0|   8|           8|           1|
    |tmp_22_5_fu_5501_p2                         |   icmp   |      0|  0|   8|           8|           1|
    |tmp_22_6_fu_5507_p2                         |   icmp   |      0|  0|   8|           8|           1|
    |tmp_24_0_1_fu_4673_p2                       |   icmp   |      0|  0|   8|           8|           1|
    |tmp_24_0_2_fu_4685_p2                       |   icmp   |      0|  0|   8|           8|           1|
    |tmp_24_0_3_fu_4697_p2                       |   icmp   |      0|  0|   8|           8|           1|
    |tmp_24_0_4_fu_4709_p2                       |   icmp   |      0|  0|   8|           8|           1|
    |tmp_24_0_5_fu_4721_p2                       |   icmp   |      0|  0|   8|           8|           1|
    |tmp_24_0_6_fu_4733_p2                       |   icmp   |      0|  0|   8|           8|           1|
    |tmp_24_0_7_fu_4745_p2                       |   icmp   |      0|  0|   8|           8|           1|
    |tmp_24_1_1_fu_4775_p2                       |   icmp   |      0|  0|   8|           8|           1|
    |tmp_24_1_2_fu_4787_p2                       |   icmp   |      0|  0|   8|           8|           1|
    |tmp_24_1_3_fu_4799_p2                       |   icmp   |      0|  0|   8|           8|           1|
    |tmp_24_1_4_fu_4811_p2                       |   icmp   |      0|  0|   8|           8|           1|
    |tmp_24_1_5_fu_4823_p2                       |   icmp   |      0|  0|   8|           8|           1|
    |tmp_24_1_6_fu_4835_p2                       |   icmp   |      0|  0|   8|           8|           1|
    |tmp_24_1_7_fu_4847_p2                       |   icmp   |      0|  0|   8|           8|           1|
    |tmp_24_1_fu_4763_p2                         |   icmp   |      0|  0|   8|           8|           1|
    |tmp_24_2_1_fu_4877_p2                       |   icmp   |      0|  0|   8|           8|           1|
    |tmp_24_2_2_fu_4889_p2                       |   icmp   |      0|  0|   8|           8|           1|
    |tmp_24_2_3_fu_4901_p2                       |   icmp   |      0|  0|   8|           8|           1|
    |tmp_24_2_4_fu_4913_p2                       |   icmp   |      0|  0|   8|           8|           1|
    |tmp_24_2_5_fu_4925_p2                       |   icmp   |      0|  0|   8|           8|           1|
    |tmp_24_2_6_fu_4937_p2                       |   icmp   |      0|  0|   8|           8|           1|
    |tmp_24_2_7_fu_4949_p2                       |   icmp   |      0|  0|   8|           8|           1|
    |tmp_24_2_fu_4865_p2                         |   icmp   |      0|  0|   8|           8|           1|
    |tmp_24_3_1_fu_4979_p2                       |   icmp   |      0|  0|   8|           8|           1|
    |tmp_24_3_2_fu_4991_p2                       |   icmp   |      0|  0|   8|           8|           1|
    |tmp_24_3_3_fu_5003_p2                       |   icmp   |      0|  0|   8|           8|           1|
    |tmp_24_3_4_fu_5015_p2                       |   icmp   |      0|  0|   8|           8|           1|
    |tmp_24_3_5_fu_5027_p2                       |   icmp   |      0|  0|   8|           8|           1|
    |tmp_24_3_6_fu_5039_p2                       |   icmp   |      0|  0|   8|           8|           1|
    |tmp_24_3_7_fu_5051_p2                       |   icmp   |      0|  0|   8|           8|           1|
    |tmp_24_3_fu_4967_p2                         |   icmp   |      0|  0|   8|           8|           1|
    |tmp_24_4_1_fu_5081_p2                       |   icmp   |      0|  0|   8|           8|           1|
    |tmp_24_4_2_fu_5093_p2                       |   icmp   |      0|  0|   8|           8|           1|
    |tmp_24_4_3_fu_5105_p2                       |   icmp   |      0|  0|   8|           8|           1|
    |tmp_24_4_4_fu_5117_p2                       |   icmp   |      0|  0|   8|           8|           1|
    |tmp_24_4_5_fu_5129_p2                       |   icmp   |      0|  0|   8|           8|           1|
    |tmp_24_4_6_fu_5141_p2                       |   icmp   |      0|  0|   8|           8|           1|
    |tmp_24_4_7_fu_5153_p2                       |   icmp   |      0|  0|   8|           8|           1|
    |tmp_24_4_fu_5069_p2                         |   icmp   |      0|  0|   8|           8|           1|
    |tmp_24_5_1_fu_5183_p2                       |   icmp   |      0|  0|   8|           8|           1|
    |tmp_24_5_2_fu_5195_p2                       |   icmp   |      0|  0|   8|           8|           1|
    |tmp_24_5_3_fu_5207_p2                       |   icmp   |      0|  0|   8|           8|           1|
    |tmp_24_5_4_fu_5219_p2                       |   icmp   |      0|  0|   8|           8|           1|
    |tmp_24_5_5_fu_5231_p2                       |   icmp   |      0|  0|   8|           8|           1|
    |tmp_24_5_6_fu_5243_p2                       |   icmp   |      0|  0|   8|           8|           1|
    |tmp_24_5_7_fu_5255_p2                       |   icmp   |      0|  0|   8|           8|           1|
    |tmp_24_5_fu_5171_p2                         |   icmp   |      0|  0|   8|           8|           1|
    |tmp_24_6_1_fu_5285_p2                       |   icmp   |      0|  0|   8|           8|           1|
    |tmp_24_6_2_fu_5297_p2                       |   icmp   |      0|  0|   8|           8|           1|
    |tmp_24_6_3_fu_5309_p2                       |   icmp   |      0|  0|   8|           8|           1|
    |tmp_24_6_4_fu_5321_p2                       |   icmp   |      0|  0|   8|           8|           1|
    |tmp_24_6_5_fu_5333_p2                       |   icmp   |      0|  0|   8|           8|           1|
    |tmp_24_6_6_fu_5345_p2                       |   icmp   |      0|  0|   8|           8|           1|
    |tmp_24_6_7_fu_5357_p2                       |   icmp   |      0|  0|   8|           8|           1|
    |tmp_24_6_fu_5273_p2                         |   icmp   |      0|  0|   8|           8|           1|
    |tmp_24_7_1_fu_5387_p2                       |   icmp   |      0|  0|   8|           8|           1|
    |tmp_24_7_2_fu_5399_p2                       |   icmp   |      0|  0|   8|           8|           1|
    |tmp_24_7_3_fu_5411_p2                       |   icmp   |      0|  0|   8|           8|           1|
    |tmp_24_7_4_fu_5423_p2                       |   icmp   |      0|  0|   8|           8|           1|
    |tmp_24_7_5_fu_5435_p2                       |   icmp   |      0|  0|   8|           8|           1|
    |tmp_24_7_6_fu_5447_p2                       |   icmp   |      0|  0|   8|           8|           1|
    |tmp_24_7_7_fu_5459_p2                       |   icmp   |      0|  0|   8|           8|           1|
    |tmp_24_7_fu_5375_p2                         |   icmp   |      0|  0|   8|           8|           1|
    |tmp_2_fu_4661_p2                            |   icmp   |      0|  0|   8|           8|           1|
    |tmp_3_fu_5471_p2                            |   icmp   |      0|  0|   8|           8|           1|
    |tmp_6_1_fu_2773_p2                          |   icmp   |      0|  0|   8|           8|           1|
    |tmp_6_2_fu_2827_p2                          |   icmp   |      0|  0|   8|           8|           1|
    |tmp_6_3_fu_2881_p2                          |   icmp   |      0|  0|   8|           8|           1|
    |tmp_6_4_fu_2935_p2                          |   icmp   |      0|  0|   8|           8|           1|
    |tmp_6_5_fu_2989_p2                          |   icmp   |      0|  0|   8|           8|           1|
    |tmp_6_6_fu_3043_p2                          |   icmp   |      0|  0|   8|           8|           1|
    |tmp_6_7_fu_3097_p2                          |   icmp   |      0|  0|   8|           8|           1|
    |tmp_s_fu_2719_p2                            |   icmp   |      0|  0|   8|           8|           1|
    |ap_sig_bdd_258                              |    or    |      0|  0|   1|           1|           1|
    |newSel160_demorgan_fu_2691_p2               |    or    |      0|  0|   1|           1|           1|
    |newSel162_demorgan_fu_2697_p2               |    or    |      0|  0|   1|           1|           1|
    |or_cond2_fu_2603_p2                         |    or    |      0|  0|   1|           1|           1|
    |or_cond3_fu_2609_p2                         |    or    |      0|  0|   1|           1|           1|
    |or_cond9_fu_2663_p2                         |    or    |      0|  0|   1|           1|           1|
    |or_cond_fu_2564_p2                          |    or    |      0|  0|   1|           1|           1|
    |newSel7_fu_2703_p2                          |    xor   |      0|  0|   2|           1|           2|
    |not_or_cond1_fu_2615_p2                     |    xor   |      0|  0|   2|           1|           2|
    |not_or_cond3_fu_2669_p2                     |    xor   |      0|  0|   2|           1|           2|
    |not_or_cond_fu_2582_p2                      |    xor   |      0|  0|   2|           1|           2|
    |not_sel_tmp1_fu_2537_p2                     |    xor   |      0|  0|   2|           1|           2|
    |not_sel_tmp3_fu_2570_p2                     |    xor   |      0|  0|   2|           1|           2|
    |not_sel_tmp4_fu_2636_p2                     |    xor   |      0|  0|   2|           1|           2|
    |not_sel_tmp_fu_2516_p2                      |    xor   |      0|  0|   2|           1|           2|
    +--------------------------------------------+----------+-------+---+----+------------+------------+
    |Total                                       |          |      0|  0|2346|        1840|        1738|
    +--------------------------------------------+----------+-------+---+----+------------+------------+

    * Multiplexer: 
    +-----------------------------+-----+-----------+-----+-----------+
    |             Name            | LUT | Input Size| Bits| Total Bits|
    +-----------------------------+-----+-----------+-----+-----------+
    |ap_NS_fsm                    |  238|        110|    1|        110|
    |ap_sig_ioackin_d_out_TREADY  |    1|          2|    1|          2|
    |d_out_TDATA                  |   16|          9|    8|         72|
    |d_out_TLAST                  |    1|          3|    1|          3|
    |matrix_0_0                   |    8|          3|    8|         24|
    |matrix_0_1                   |    8|          3|    8|         24|
    |matrix_0_2                   |    8|          3|    8|         24|
    |matrix_0_3                   |    8|          3|    8|         24|
    |matrix_0_4                   |    8|          3|    8|         24|
    |matrix_0_5                   |    8|          3|    8|         24|
    |matrix_0_6                   |    8|          3|    8|         24|
    |matrix_0_7                   |    8|          3|    8|         24|
    |matrix_1_0                   |    8|          3|    8|         24|
    |matrix_1_1                   |    8|          3|    8|         24|
    |matrix_1_2                   |    8|          3|    8|         24|
    |matrix_1_3                   |    8|          3|    8|         24|
    |matrix_1_4                   |    8|          3|    8|         24|
    |matrix_1_5                   |    8|          3|    8|         24|
    |matrix_1_6                   |    8|          3|    8|         24|
    |matrix_1_7                   |    8|          3|    8|         24|
    |matrix_2_0                   |    8|          3|    8|         24|
    |matrix_2_1                   |    8|          3|    8|         24|
    |matrix_2_2                   |    8|          3|    8|         24|
    |matrix_2_3                   |    8|          3|    8|         24|
    |matrix_2_4                   |    8|          3|    8|         24|
    |matrix_2_5                   |    8|          3|    8|         24|
    |matrix_2_6                   |    8|          3|    8|         24|
    |matrix_2_7                   |    8|          3|    8|         24|
    |matrix_3_0                   |    8|          3|    8|         24|
    |matrix_3_1                   |    8|          3|    8|         24|
    |matrix_3_2                   |    8|          3|    8|         24|
    |matrix_3_3                   |    8|          3|    8|         24|
    |matrix_3_4                   |    8|          3|    8|         24|
    |matrix_3_5                   |    8|          3|    8|         24|
    |matrix_3_6                   |    8|          3|    8|         24|
    |matrix_3_7                   |    8|          3|    8|         24|
    |matrix_4_0                   |    8|          3|    8|         24|
    |matrix_4_1                   |    8|          3|    8|         24|
    |matrix_4_2                   |    8|          3|    8|         24|
    |matrix_4_3                   |    8|          3|    8|         24|
    |matrix_4_4                   |    8|          3|    8|         24|
    |matrix_4_5                   |    8|          3|    8|         24|
    |matrix_4_6                   |    8|          3|    8|         24|
    |matrix_4_7                   |    8|          3|    8|         24|
    |matrix_5_0                   |    8|          3|    8|         24|
    |matrix_5_1                   |    8|          3|    8|         24|
    |matrix_5_2                   |    8|          3|    8|         24|
    |matrix_5_3                   |    8|          3|    8|         24|
    |matrix_5_4                   |    8|          3|    8|         24|
    |matrix_5_5                   |    8|          3|    8|         24|
    |matrix_5_6                   |    8|          3|    8|         24|
    |matrix_5_7                   |    8|          3|    8|         24|
    |matrix_6_0                   |    8|          3|    8|         24|
    |matrix_6_1                   |    8|          3|    8|         24|
    |matrix_6_2                   |    8|          3|    8|         24|
    |matrix_6_3                   |    8|          3|    8|         24|
    |matrix_6_4                   |    8|          3|    8|         24|
    |matrix_6_5                   |    8|          3|    8|         24|
    |matrix_6_6                   |    8|          3|    8|         24|
    |matrix_6_7                   |    8|          3|    8|         24|
    |matrix_7_0                   |    8|          3|    8|         24|
    |matrix_7_1                   |    8|          3|    8|         24|
    |matrix_7_2                   |    8|          3|    8|         24|
    |matrix_7_3                   |    8|          3|    8|         24|
    |matrix_7_4                   |    8|          3|    8|         24|
    |matrix_7_5                   |    8|          3|    8|         24|
    |matrix_7_6                   |    8|          3|    8|         24|
    |matrix_7_7                   |    8|          3|    8|         24|
    |result_0                     |    6|          8|    3|         24|
    |result_1                     |    6|          8|    3|         24|
    |result_2                     |    6|          8|    3|         24|
    |result_3                     |    6|          8|    3|         24|
    |result_4                     |    6|          8|    3|         24|
    |result_5                     |    6|          8|    3|         24|
    |result_6                     |    6|          8|    3|         24|
    |result_7                     |    6|          8|    3|         24|
    |vector_0_10_reg_1286         |    8|          2|    8|         16|
    |vector_0_11_phi_fu_1361_p6   |    8|          2|    8|         16|
    |vector_0_11_reg_1358         |    8|          2|    8|         16|
    |vector_0_12_phi_fu_1481_p4   |    8|          3|    8|         24|
    |vector_0_12_reg_1478         |    8|          2|    8|         16|
    |vector_0_13_phi_fu_1553_p6   |    8|          2|    8|         16|
    |vector_0_13_reg_1550         |    8|          3|    8|         24|
    |vector_0_14_reg_1671         |    8|          2|    8|         16|
    |vector_0_15_phi_fu_1759_p4   |    8|          2|    8|         16|
    |vector_0_15_reg_1755         |    8|          2|    8|         16|
    |vector_0_1_reg_246           |    8|          2|    8|         16|
    |vector_0_2_phi_fu_401_p6     |    8|          2|    8|         16|
    |vector_0_2_reg_398           |    8|          2|    8|         16|
    |vector_0_3_phi_fu_1169_p6    |    8|          2|    8|         16|
    |vector_0_3_reg_1166          |    8|          2|    8|         16|
    |vector_0_4_phi_fu_593_p6     |    8|          2|    8|         16|
    |vector_0_4_reg_590           |    8|          2|    8|         16|
    |vector_0_5_reg_518           |    8|          2|    8|         16|
    |vector_0_6_phi_fu_785_p6     |    8|          2|    8|         16|
    |vector_0_6_reg_782           |    8|          2|    8|         16|
    |vector_0_7_reg_710           |    8|          2|    8|         16|
    |vector_0_8_phi_fu_977_p6     |    8|          2|    8|         16|
    |vector_0_8_reg_974           |    8|          2|    8|         16|
    |vector_0_9_reg_902           |    8|          2|    8|         16|
    |vector_0_s_reg_1094          |    8|          2|    8|         16|
    |vector_1_10_reg_1298         |    8|          2|    8|         16|
    |vector_1_11_phi_fu_1376_p6   |    8|          2|    8|         16|
    |vector_1_11_reg_1373         |    8|          2|    8|         16|
    |vector_1_12_phi_fu_1493_p4   |    8|          3|    8|         24|
    |vector_1_12_reg_1490         |    8|          2|    8|         16|
    |vector_1_13_phi_fu_1568_p6   |    8|          2|    8|         16|
    |vector_1_13_reg_1565         |    8|          3|    8|         24|
    |vector_1_14_reg_1683         |    8|          2|    8|         16|
    |vector_1_15_phi_fu_1772_p4   |    8|          2|    8|         16|
    |vector_1_15_reg_1768         |    8|          2|    8|         16|
    |vector_1_1_reg_256           |    8|          2|    8|         16|
    |vector_1_2_phi_fu_416_p6     |    8|          2|    8|         16|
    |vector_1_2_reg_413           |    8|          2|    8|         16|
    |vector_1_3_reg_326           |    8|          2|    8|         16|
    |vector_1_4_phi_fu_608_p6     |    8|          2|    8|         16|
    |vector_1_4_reg_605           |    8|          2|    8|         16|
    |vector_1_5_phi_fu_1184_p6    |    8|          2|    8|         16|
    |vector_1_5_reg_1181          |    8|          2|    8|         16|
    |vector_1_6_phi_fu_800_p6     |    8|          2|    8|         16|
    |vector_1_6_reg_797           |    8|          2|    8|         16|
    |vector_1_7_reg_722           |    8|          2|    8|         16|
    |vector_1_8_phi_fu_992_p6     |    8|          2|    8|         16|
    |vector_1_8_reg_989           |    8|          2|    8|         16|
    |vector_1_9_reg_914           |    8|          2|    8|         16|
    |vector_1_s_reg_1106          |    8|          2|    8|         16|
    |vector_2_10_reg_1310         |    8|          2|    8|         16|
    |vector_2_11_phi_fu_1391_p6   |    8|          2|    8|         16|
    |vector_2_11_reg_1388         |    8|          2|    8|         16|
    |vector_2_12_phi_fu_1505_p4   |    8|          3|    8|         24|
    |vector_2_12_reg_1502         |    8|          2|    8|         16|
    |vector_2_13_phi_fu_1583_p6   |    8|          2|    8|         16|
    |vector_2_13_reg_1580         |    8|          3|    8|         24|
    |vector_2_14_reg_1695         |    8|          2|    8|         16|
    |vector_2_15_phi_fu_1785_p4   |    8|          2|    8|         16|
    |vector_2_15_reg_1781         |    8|          2|    8|         16|
    |vector_2_1_reg_266           |    8|          2|    8|         16|
    |vector_2_2_phi_fu_431_p6     |    8|          2|    8|         16|
    |vector_2_2_reg_428           |    8|          2|    8|         16|
    |vector_2_3_reg_338           |    8|          2|    8|         16|
    |vector_2_4_phi_fu_623_p6     |    8|          2|    8|         16|
    |vector_2_4_reg_620           |    8|          2|    8|         16|
    |vector_2_5_reg_530           |    8|          2|    8|         16|
    |vector_2_6_phi_fu_815_p6     |    8|          2|    8|         16|
    |vector_2_6_reg_812           |    8|          2|    8|         16|
    |vector_2_7_phi_fu_1199_p6    |    8|          2|    8|         16|
    |vector_2_7_reg_1196          |    8|          2|    8|         16|
    |vector_2_8_phi_fu_1007_p6    |    8|          2|    8|         16|
    |vector_2_8_reg_1004          |    8|          2|    8|         16|
    |vector_2_9_reg_926           |    8|          2|    8|         16|
    |vector_2_s_reg_1118          |    8|          2|    8|         16|
    |vector_3_10_reg_1322         |    8|          2|    8|         16|
    |vector_3_11_phi_fu_1406_p6   |    8|          2|    8|         16|
    |vector_3_11_reg_1403         |    8|          2|    8|         16|
    |vector_3_12_phi_fu_1517_p4   |    8|          3|    8|         24|
    |vector_3_12_reg_1514         |    8|          2|    8|         16|
    |vector_3_13_phi_fu_1598_p6   |    8|          2|    8|         16|
    |vector_3_13_reg_1595         |    8|          3|    8|         24|
    |vector_3_14_reg_1707         |    8|          2|    8|         16|
    |vector_3_15_phi_fu_1798_p4   |    8|          2|    8|         16|
    |vector_3_15_reg_1794         |    8|          2|    8|         16|
    |vector_3_1_reg_276           |    8|          2|    8|         16|
    |vector_3_2_phi_fu_446_p6     |    8|          2|    8|         16|
    |vector_3_2_reg_443           |    8|          2|    8|         16|
    |vector_3_3_reg_350           |    8|          2|    8|         16|
    |vector_3_4_phi_fu_638_p6     |    8|          2|    8|         16|
    |vector_3_4_reg_635           |    8|          2|    8|         16|
    |vector_3_5_reg_542           |    8|          2|    8|         16|
    |vector_3_6_phi_fu_830_p6     |    8|          2|    8|         16|
    |vector_3_6_reg_827           |    8|          2|    8|         16|
    |vector_3_7_reg_734           |    8|          2|    8|         16|
    |vector_3_8_phi_fu_1022_p6    |    8|          2|    8|         16|
    |vector_3_8_reg_1019          |    8|          2|    8|         16|
    |vector_3_9_phi_fu_1214_p6    |    8|          2|    8|         16|
    |vector_3_9_reg_1211          |    8|          2|    8|         16|
    |vector_3_s_reg_1130          |    8|          2|    8|         16|
    |vector_4_10_reg_1334         |    8|          2|    8|         16|
    |vector_4_11_phi_fu_1421_p6   |    8|          2|    8|         16|
    |vector_4_11_reg_1418         |    8|          2|    8|         16|
    |vector_4_12_phi_fu_1529_p4   |    8|          3|    8|         24|
    |vector_4_12_reg_1526         |    8|          2|    8|         16|
    |vector_4_13_phi_fu_1613_p6   |    8|          2|    8|         16|
    |vector_4_13_reg_1610         |    8|          3|    8|         24|
    |vector_4_14_reg_1719         |    8|          2|    8|         16|
    |vector_4_15_phi_fu_1811_p4   |    8|          2|    8|         16|
    |vector_4_15_reg_1807         |    8|          2|    8|         16|
    |vector_4_1_reg_286           |    8|          2|    8|         16|
    |vector_4_2_phi_fu_461_p6     |    8|          2|    8|         16|
    |vector_4_2_reg_458           |    8|          2|    8|         16|
    |vector_4_3_reg_362           |    8|          2|    8|         16|
    |vector_4_4_phi_fu_653_p6     |    8|          2|    8|         16|
    |vector_4_4_reg_650           |    8|          2|    8|         16|
    |vector_4_5_reg_554           |    8|          2|    8|         16|
    |vector_4_6_phi_fu_845_p6     |    8|          2|    8|         16|
    |vector_4_6_reg_842           |    8|          2|    8|         16|
    |vector_4_7_reg_746           |    8|          2|    8|         16|
    |vector_4_8_phi_fu_1037_p6    |    8|          2|    8|         16|
    |vector_4_8_reg_1034          |    8|          2|    8|         16|
    |vector_4_9_reg_938           |    8|          2|    8|         16|
    |vector_4_s_phi_fu_1229_p6    |    8|          2|    8|         16|
    |vector_4_s_reg_1226          |    8|          2|    8|         16|
    |vector_5_10_phi_fu_1244_p6   |    8|          2|    8|         16|
    |vector_5_10_reg_1241         |    8|          2|    8|         16|
    |vector_5_11_phi_fu_1436_p6   |    8|          2|    8|         16|
    |vector_5_11_reg_1433         |    8|          2|    8|         16|
    |vector_5_12_phi_fu_1541_p4   |    8|          3|    8|         24|
    |vector_5_12_reg_1538         |    8|          2|    8|         16|
    |vector_5_13_phi_fu_1628_p6   |    8|          2|    8|         16|
    |vector_5_13_reg_1625         |    8|          3|    8|         24|
    |vector_5_14_reg_1731         |    8|          2|    8|         16|
    |vector_5_15_phi_fu_1824_p4   |    8|          2|    8|         16|
    |vector_5_15_reg_1820         |    8|          2|    8|         16|
    |vector_5_1_reg_296           |    8|          2|    8|         16|
    |vector_5_2_phi_fu_476_p6     |    8|          2|    8|         16|
    |vector_5_2_reg_473           |    8|          2|    8|         16|
    |vector_5_3_reg_374           |    8|          2|    8|         16|
    |vector_5_4_phi_fu_668_p6     |    8|          2|    8|         16|
    |vector_5_4_reg_665           |    8|          2|    8|         16|
    |vector_5_5_reg_566           |    8|          2|    8|         16|
    |vector_5_6_phi_fu_860_p6     |    8|          2|    8|         16|
    |vector_5_6_reg_857           |    8|          2|    8|         16|
    |vector_5_7_reg_758           |    8|          2|    8|         16|
    |vector_5_8_phi_fu_1052_p6    |    8|          2|    8|         16|
    |vector_5_8_reg_1049          |    8|          2|    8|         16|
    |vector_5_9_reg_950           |    8|          2|    8|         16|
    |vector_5_s_reg_1142          |    8|          2|    8|         16|
    |vector_6_10_phi_fu_1259_p6   |    8|          2|    8|         16|
    |vector_6_10_reg_1256         |    8|          2|    8|         16|
    |vector_6_11_reg_1346         |    8|          2|    8|         16|
    |vector_6_12_phi_fu_1451_p6   |    8|          2|    8|         16|
    |vector_6_12_reg_1448         |    8|          2|    8|         16|
    |vector_6_13_phi_fu_1644_p6   |    8|          2|    8|         16|
    |vector_6_13_reg_1640         |    8|          2|    8|         16|
    |vector_6_14_reg_1743         |    8|          2|    8|         16|
    |vector_6_15_phi_fu_1837_p4   |    8|          2|    8|         16|
    |vector_6_15_reg_1833         |    8|          2|    8|         16|
    |vector_6_1_reg_306           |    8|          2|    8|         16|
    |vector_6_2_phi_fu_491_p6     |    8|          2|    8|         16|
    |vector_6_2_reg_488           |    8|          2|    8|         16|
    |vector_6_3_reg_386           |    8|          2|    8|         16|
    |vector_6_4_phi_fu_683_p6     |    8|          2|    8|         16|
    |vector_6_4_reg_680           |    8|          2|    8|         16|
    |vector_6_5_reg_578           |    8|          2|    8|         16|
    |vector_6_6_phi_fu_875_p6     |    8|          2|    8|         16|
    |vector_6_6_reg_872           |    8|          2|    8|         16|
    |vector_6_7_reg_770           |    8|          2|    8|         16|
    |vector_6_8_phi_fu_1067_p6    |    8|          2|    8|         16|
    |vector_6_8_reg_1064          |    8|          2|    8|         16|
    |vector_6_9_reg_962           |    8|          2|    8|         16|
    |vector_6_s_reg_1154          |    8|          2|    8|         16|
    |vector_7_1_reg_316           |    8|          2|    8|         16|
    |vector_7_2_phi_fu_506_p6     |    8|          3|    8|         24|
    |vector_7_2_reg_503           |    8|          2|    8|         16|
    |vector_7_3_phi_fu_1466_p6    |    8|          3|    8|         24|
    |vector_7_3_reg_1463          |    8|          3|    8|         24|
    |vector_7_4_phi_fu_698_p6     |    8|          3|    8|         24|
    |vector_7_4_reg_695           |    8|          3|    8|         24|
    |vector_7_5_phi_fu_1659_p6    |    8|          2|    8|         16|
    |vector_7_5_reg_1656          |    8|          2|    8|         16|
    |vector_7_6_phi_fu_890_p6     |    8|          3|    8|         24|
    |vector_7_6_reg_887           |    8|          3|    8|         24|
    |vector_7_7_phi_fu_1850_p4    |    8|          2|    8|         16|
    |vector_7_7_reg_1846          |    8|          2|    8|         16|
    |vector_7_8_phi_fu_1082_p6    |    8|          3|    8|         24|
    |vector_7_8_reg_1079          |    8|          3|    8|         24|
    |vector_7_s_phi_fu_1274_p6    |    8|          3|    8|         24|
    |vector_7_s_reg_1271          |    8|          3|    8|         24|
    +-----------------------------+-----+-----------+-----+-----------+
    |Total                        | 2344|        785| 2075|       5155|
    +-----------------------------+-----+-----------+-----+-----------+

    * Register: 
    +------------------------------------------+-----+----+-----+-----------+
    |                   Name                   |  FF | LUT| Bits| Const Bits|
    +------------------------------------------+-----+----+-----+-----------+
    |ap_CS_fsm                                 |  109|   0|  109|          0|
    |ap_reg_ioackin_d_out_TREADY               |    1|   0|    1|          0|
    |matrix_0_0                                |    8|   0|    8|          0|
    |matrix_0_0_load_reg_5712                  |    8|   0|    8|          0|
    |matrix_0_1                                |    8|   0|    8|          0|
    |matrix_0_1_load_reg_5717                  |    8|   0|    8|          0|
    |matrix_0_2                                |    8|   0|    8|          0|
    |matrix_0_2_load_reg_5722                  |    8|   0|    8|          0|
    |matrix_0_3                                |    8|   0|    8|          0|
    |matrix_0_3_load_reg_5733                  |    8|   0|    8|          0|
    |matrix_0_4                                |    8|   0|    8|          0|
    |matrix_0_4_load_reg_5738                  |    8|   0|    8|          0|
    |matrix_0_5                                |    8|   0|    8|          0|
    |matrix_0_5_load_reg_5748                  |    8|   0|    8|          0|
    |matrix_0_6                                |    8|   0|    8|          0|
    |matrix_0_6_load_reg_5759                  |    8|   0|    8|          0|
    |matrix_0_7                                |    8|   0|    8|          0|
    |matrix_0_7_load_reg_5764                  |    8|   0|    8|          0|
    |matrix_1_0                                |    8|   0|    8|          0|
    |matrix_1_0_load_reg_5779                  |    8|   0|    8|          0|
    |matrix_1_1                                |    8|   0|    8|          0|
    |matrix_1_1_load_reg_5784                  |    8|   0|    8|          0|
    |matrix_1_2                                |    8|   0|    8|          0|
    |matrix_1_2_load_reg_5795                  |    8|   0|    8|          0|
    |matrix_1_3                                |    8|   0|    8|          0|
    |matrix_1_3_load_reg_5800                  |    8|   0|    8|          0|
    |matrix_1_4                                |    8|   0|    8|          0|
    |matrix_1_4_load_reg_5810                  |    8|   0|    8|          0|
    |matrix_1_5                                |    8|   0|    8|          0|
    |matrix_1_5_load_reg_5821                  |    8|   0|    8|          0|
    |matrix_1_6                                |    8|   0|    8|          0|
    |matrix_1_6_load_reg_5826                  |    8|   0|    8|          0|
    |matrix_1_7                                |    8|   0|    8|          0|
    |matrix_1_7_load_reg_5837                  |    8|   0|    8|          0|
    |matrix_2_0                                |    8|   0|    8|          0|
    |matrix_2_0_load_reg_5847                  |    8|   0|    8|          0|
    |matrix_2_1                                |    8|   0|    8|          0|
    |matrix_2_1_load_reg_5858                  |    8|   0|    8|          0|
    |matrix_2_2                                |    8|   0|    8|          0|
    |matrix_2_2_load_reg_5863                  |    8|   0|    8|          0|
    |matrix_2_3                                |    8|   0|    8|          0|
    |matrix_2_3_load_reg_5873                  |    8|   0|    8|          0|
    |matrix_2_4                                |    8|   0|    8|          0|
    |matrix_2_4_load_reg_5884                  |    8|   0|    8|          0|
    |matrix_2_5                                |    8|   0|    8|          0|
    |matrix_2_5_load_reg_5889                  |    8|   0|    8|          0|
    |matrix_2_6                                |    8|   0|    8|          0|
    |matrix_2_6_load_reg_5900                  |    8|   0|    8|          0|
    |matrix_2_7                                |    8|   0|    8|          0|
    |matrix_2_7_load_reg_5905                  |    8|   0|    8|          0|
    |matrix_3_0                                |    8|   0|    8|          0|
    |matrix_3_0_load_reg_5917                  |    8|   0|    8|          0|
    |matrix_3_1                                |    8|   0|    8|          0|
    |matrix_3_1_load_reg_5922                  |    8|   0|    8|          0|
    |matrix_3_2                                |    8|   0|    8|          0|
    |matrix_3_2_load_reg_5932                  |    8|   0|    8|          0|
    |matrix_3_3                                |    8|   0|    8|          0|
    |matrix_3_3_load_reg_5943                  |    8|   0|    8|          0|
    |matrix_3_4                                |    8|   0|    8|          0|
    |matrix_3_4_load_reg_5948                  |    8|   0|    8|          0|
    |matrix_3_5                                |    8|   0|    8|          0|
    |matrix_3_5_load_reg_5959                  |    8|   0|    8|          0|
    |matrix_3_6                                |    8|   0|    8|          0|
    |matrix_3_6_load_reg_5964                  |    8|   0|    8|          0|
    |matrix_3_7                                |    8|   0|    8|          0|
    |matrix_3_7_load_reg_5974                  |    8|   0|    8|          0|
    |matrix_4_0                                |    8|   0|    8|          0|
    |matrix_4_0_load_reg_5990                  |    8|   0|    8|          0|
    |matrix_4_1                                |    8|   0|    8|          0|
    |matrix_4_1_load_reg_6000                  |    8|   0|    8|          0|
    |matrix_4_2                                |    8|   0|    8|          0|
    |matrix_4_2_load_reg_6011                  |    8|   0|    8|          0|
    |matrix_4_3                                |    8|   0|    8|          0|
    |matrix_4_3_load_reg_6016                  |    8|   0|    8|          0|
    |matrix_4_4                                |    8|   0|    8|          0|
    |matrix_4_4_load_reg_6027                  |    8|   0|    8|          0|
    |matrix_4_5                                |    8|   0|    8|          0|
    |matrix_4_5_load_reg_6032                  |    8|   0|    8|          0|
    |matrix_4_6                                |    8|   0|    8|          0|
    |matrix_4_6_load_reg_6042                  |    8|   0|    8|          0|
    |matrix_4_7                                |    8|   0|    8|          0|
    |matrix_4_7_load_reg_6053                  |    8|   0|    8|          0|
    |matrix_5_0                                |    8|   0|    8|          0|
    |matrix_5_0_load_reg_6064                  |    8|   0|    8|          0|
    |matrix_5_1                                |    8|   0|    8|          0|
    |matrix_5_1_load_reg_6075                  |    8|   0|    8|          0|
    |matrix_5_2                                |    8|   0|    8|          0|
    |matrix_5_2_load_reg_6080                  |    8|   0|    8|          0|
    |matrix_5_3                                |    8|   0|    8|          0|
    |matrix_5_3_load_reg_6091                  |    8|   0|    8|          0|
    |matrix_5_4                                |    8|   0|    8|          0|
    |matrix_5_4_load_reg_6096                  |    8|   0|    8|          0|
    |matrix_5_5                                |    8|   0|    8|          0|
    |matrix_5_5_load_reg_6106                  |    8|   0|    8|          0|
    |matrix_5_6                                |    8|   0|    8|          0|
    |matrix_5_6_load_reg_6117                  |    8|   0|    8|          0|
    |matrix_5_7                                |    8|   0|    8|          0|
    |matrix_5_7_load_reg_6122                  |    8|   0|    8|          0|
    |matrix_6_0                                |    8|   0|    8|          0|
    |matrix_6_0_load_reg_6137                  |    8|   0|    8|          0|
    |matrix_6_1                                |    8|   0|    8|          0|
    |matrix_6_1_load_reg_6142                  |    8|   0|    8|          0|
    |matrix_6_2                                |    8|   0|    8|          0|
    |matrix_6_2_load_reg_6153                  |    8|   0|    8|          0|
    |matrix_6_3                                |    8|   0|    8|          0|
    |matrix_6_3_load_reg_6158                  |    8|   0|    8|          0|
    |matrix_6_4                                |    8|   0|    8|          0|
    |matrix_6_4_load_reg_6168                  |    8|   0|    8|          0|
    |matrix_6_5                                |    8|   0|    8|          0|
    |matrix_6_5_load_reg_6179                  |    8|   0|    8|          0|
    |matrix_6_6                                |    8|   0|    8|          0|
    |matrix_6_6_load_reg_6184                  |    8|   0|    8|          0|
    |matrix_6_7                                |    8|   0|    8|          0|
    |matrix_6_7_load_reg_6195                  |    8|   0|    8|          0|
    |matrix_7_0                                |    8|   0|    8|          0|
    |matrix_7_0_load_reg_6205                  |    8|   0|    8|          0|
    |matrix_7_1                                |    8|   0|    8|          0|
    |matrix_7_1_load_reg_6216                  |    8|   0|    8|          0|
    |matrix_7_2                                |    8|   0|    8|          0|
    |matrix_7_2_load_reg_6221                  |    8|   0|    8|          0|
    |matrix_7_3                                |    8|   0|    8|          0|
    |matrix_7_3_load_reg_6231                  |    8|   0|    8|          0|
    |matrix_7_4                                |    8|   0|    8|          0|
    |matrix_7_4_load_reg_6242                  |    8|   0|    8|          0|
    |matrix_7_5                                |    8|   0|    8|          0|
    |matrix_7_5_load_reg_6247                  |    8|   0|    8|          0|
    |matrix_7_6                                |    8|   0|    8|          0|
    |matrix_7_6_load_reg_6258                  |    8|   0|    8|          0|
    |matrix_7_7                                |    8|   0|    8|          0|
    |matrix_7_7_load_reg_6263                  |    8|   0|    8|          0|
    |min_2_2_reg_5852                          |    8|   0|    8|          0|
    |min_2_4_reg_5995                          |    8|   0|    8|          0|
    |min_2_7_reg_6210                          |    8|   0|    8|          0|
    |min_3_1_reg_5842                          |    8|   0|    8|          0|
    |min_3_2_reg_5910                          |    8|   0|    8|          0|
    |min_3_3_reg_5985                          |    8|   0|    8|          0|
    |min_3_4_reg_6058                          |    8|   0|    8|          0|
    |min_3_5_reg_6132                          |    8|   0|    8|          0|
    |min_3_6_reg_6200                          |    8|   0|    8|          0|
    |min_3_7_reg_6268                          |    8|   0|    8|          0|
    |min_3_reg_5774                            |    8|   0|    8|          0|
    |min_4_0_2_min_4_0_1_min_2_reg_5727        |    8|   0|    8|          0|
    |min_4_0_4_min_4_0_3_min_4_0_2_s_reg_5743  |    8|   0|    8|          0|
    |min_4_0_7_min_4_0_6_sel_SEBB_reg_5769     |    8|   0|    8|          0|
    |min_4_1_1_min_2_1_reg_5789                |    8|   0|    8|          0|
    |min_4_1_3_min_4_1_2_min_4_1_1_s_reg_5805  |    8|   0|    8|          0|
    |min_4_1_6_sel_SEBB_reg_5831               |    8|   0|    8|          0|
    |min_4_2_2_min_4_2_1_min_2_2_reg_5868      |    8|   0|    8|          0|
    |min_4_3_1_min_2_3_reg_5927                |    8|   0|    8|          0|
    |min_4_3_4_min_4_3_3_min_4_3_2_s_reg_5953  |    8|   0|    8|          0|
    |min_4_3_6_sel_SEBB_reg_5969               |    8|   0|    8|          0|
    |min_4_4_3_min_4_4_2_min_4_4_1_s_reg_6021  |    8|   0|    8|          0|
    |min_4_5_2_min_4_5_1_min_2_5_reg_6085      |    8|   0|    8|          0|
    |min_4_5_4_min_4_5_3_min_4_5_2_s_reg_6101  |    8|   0|    8|          0|
    |min_4_5_7_min_4_5_6_sel_SEBB_reg_6127     |    8|   0|    8|          0|
    |min_4_6_1_min_2_6_reg_6147                |    8|   0|    8|          0|
    |min_4_6_3_min_4_6_2_min_4_6_1_s_reg_6163  |    8|   0|    8|          0|
    |min_4_6_6_sel_SEBB_reg_6189               |    8|   0|    8|          0|
    |min_4_7_2_min_4_7_1_min_2_7_reg_6226      |    8|   0|    8|          0|
    |result_0                                  |    3|   0|    5|          2|
    |result_1                                  |    3|   0|    5|          2|
    |result_2                                  |    3|   0|    5|          2|
    |result_3                                  |    3|   0|    5|          2|
    |result_4                                  |    3|   0|    5|          2|
    |result_5                                  |    3|   0|    5|          2|
    |result_6                                  |    3|   0|    5|          2|
    |result_7                                  |    3|   0|    5|          2|
    |sel_SEBB2_reg_5894                        |    8|   0|    8|          0|
    |sel_SEBB4_reg_6037                        |    8|   0|    8|          0|
    |sel_SEBB7_reg_6252                        |    8|   0|    8|          0|
    |tmp_16_0_5_reg_5754                       |    1|   0|    1|          0|
    |tmp_16_1_4_reg_5816                       |    1|   0|    1|          0|
    |tmp_16_2_3_reg_5879                       |    1|   0|    1|          0|
    |tmp_16_3_2_reg_5938                       |    1|   0|    1|          0|
    |tmp_16_3_7_reg_5980                       |    1|   0|    1|          0|
    |tmp_16_4_1_reg_6006                       |    1|   0|    1|          0|
    |tmp_16_4_6_reg_6048                       |    1|   0|    1|          0|
    |tmp_16_5_5_reg_6112                       |    1|   0|    1|          0|
    |tmp_16_5_reg_6070                         |    1|   0|    1|          0|
    |tmp_16_6_4_reg_6174                       |    1|   0|    1|          0|
    |tmp_16_7_3_reg_6237                       |    1|   0|    1|          0|
    |tmp_18_1_reg_6360                         |    1|   0|    1|          0|
    |tmp_18_2_reg_6388                         |    1|   0|    1|          0|
    |tmp_18_3_reg_6416                         |    1|   0|    1|          0|
    |tmp_18_4_reg_6444                         |    1|   0|    1|          0|
    |tmp_18_5_reg_6472                         |    1|   0|    1|          0|
    |tmp_18_6_reg_6500                         |    1|   0|    1|          0|
    |tmp_18_7_reg_6529                         |    1|   0|    1|          0|
    |tmp_24_6_7_reg_6525                       |    1|   0|    1|          0|
    |tmp_4_reg_5621                            |    3|   0|    3|          0|
    |tmp_6_1_reg_5677                          |    1|   0|    1|          0|
    |tmp_6_2_reg_5682                          |    1|   0|    1|          0|
    |tmp_6_3_reg_5687                          |    1|   0|    1|          0|
    |tmp_6_4_reg_5692                          |    1|   0|    1|          0|
    |tmp_6_5_reg_5697                          |    1|   0|    1|          0|
    |tmp_6_6_reg_5702                          |    1|   0|    1|          0|
    |tmp_6_7_reg_5707                          |    1|   0|    1|          0|
    |tmp_s_reg_5672                            |    1|   0|    1|          0|
    |vector_0_10_reg_1286                      |    8|   0|    8|          0|
    |vector_0_11_reg_1358                      |    8|   0|    8|          0|
    |vector_0_12_reg_1478                      |    8|   0|    8|          0|
    |vector_0_13_reg_1550                      |    8|   0|    8|          0|
    |vector_0_14_reg_1671                      |    8|   0|    8|          0|
    |vector_0_15_reg_1755                      |    8|   0|    8|          0|
    |vector_0_1_reg_246                        |    8|   0|    8|          0|
    |vector_0_2_reg_398                        |    8|   0|    8|          0|
    |vector_0_3_reg_1166                       |    8|   0|    8|          0|
    |vector_0_4_reg_590                        |    8|   0|    8|          0|
    |vector_0_5_reg_518                        |    8|   0|    8|          0|
    |vector_0_6_reg_782                        |    8|   0|    8|          0|
    |vector_0_7_reg_710                        |    8|   0|    8|          0|
    |vector_0_8_reg_974                        |    8|   0|    8|          0|
    |vector_0_9_reg_902                        |    8|   0|    8|          0|
    |vector_0_s_reg_1094                       |    8|   0|    8|          0|
    |vector_1_10_reg_1298                      |    8|   0|    8|          0|
    |vector_1_11_reg_1373                      |    8|   0|    8|          0|
    |vector_1_12_reg_1490                      |    8|   0|    8|          0|
    |vector_1_13_reg_1565                      |    8|   0|    8|          0|
    |vector_1_14_reg_1683                      |    8|   0|    8|          0|
    |vector_1_15_reg_1768                      |    8|   0|    8|          0|
    |vector_1_1_reg_256                        |    8|   0|    8|          0|
    |vector_1_2_reg_413                        |    8|   0|    8|          0|
    |vector_1_3_reg_326                        |    8|   0|    8|          0|
    |vector_1_4_reg_605                        |    8|   0|    8|          0|
    |vector_1_5_reg_1181                       |    8|   0|    8|          0|
    |vector_1_6_reg_797                        |    8|   0|    8|          0|
    |vector_1_7_reg_722                        |    8|   0|    8|          0|
    |vector_1_8_reg_989                        |    8|   0|    8|          0|
    |vector_1_9_reg_914                        |    8|   0|    8|          0|
    |vector_1_s_reg_1106                       |    8|   0|    8|          0|
    |vector_2_10_reg_1310                      |    8|   0|    8|          0|
    |vector_2_11_reg_1388                      |    8|   0|    8|          0|
    |vector_2_12_reg_1502                      |    8|   0|    8|          0|
    |vector_2_13_reg_1580                      |    8|   0|    8|          0|
    |vector_2_14_reg_1695                      |    8|   0|    8|          0|
    |vector_2_15_reg_1781                      |    8|   0|    8|          0|
    |vector_2_1_reg_266                        |    8|   0|    8|          0|
    |vector_2_2_reg_428                        |    8|   0|    8|          0|
    |vector_2_3_reg_338                        |    8|   0|    8|          0|
    |vector_2_4_reg_620                        |    8|   0|    8|          0|
    |vector_2_5_reg_530                        |    8|   0|    8|          0|
    |vector_2_6_reg_812                        |    8|   0|    8|          0|
    |vector_2_7_reg_1196                       |    8|   0|    8|          0|
    |vector_2_8_reg_1004                       |    8|   0|    8|          0|
    |vector_2_9_reg_926                        |    8|   0|    8|          0|
    |vector_2_s_reg_1118                       |    8|   0|    8|          0|
    |vector_3_10_reg_1322                      |    8|   0|    8|          0|
    |vector_3_11_reg_1403                      |    8|   0|    8|          0|
    |vector_3_12_reg_1514                      |    8|   0|    8|          0|
    |vector_3_13_reg_1595                      |    8|   0|    8|          0|
    |vector_3_14_reg_1707                      |    8|   0|    8|          0|
    |vector_3_15_reg_1794                      |    8|   0|    8|          0|
    |vector_3_1_reg_276                        |    8|   0|    8|          0|
    |vector_3_2_reg_443                        |    8|   0|    8|          0|
    |vector_3_3_reg_350                        |    8|   0|    8|          0|
    |vector_3_4_reg_635                        |    8|   0|    8|          0|
    |vector_3_5_reg_542                        |    8|   0|    8|          0|
    |vector_3_6_reg_827                        |    8|   0|    8|          0|
    |vector_3_7_reg_734                        |    8|   0|    8|          0|
    |vector_3_8_reg_1019                       |    8|   0|    8|          0|
    |vector_3_9_reg_1211                       |    8|   0|    8|          0|
    |vector_3_s_reg_1130                       |    8|   0|    8|          0|
    |vector_4_10_reg_1334                      |    8|   0|    8|          0|
    |vector_4_11_reg_1418                      |    8|   0|    8|          0|
    |vector_4_12_reg_1526                      |    8|   0|    8|          0|
    |vector_4_13_reg_1610                      |    8|   0|    8|          0|
    |vector_4_14_reg_1719                      |    8|   0|    8|          0|
    |vector_4_15_reg_1807                      |    8|   0|    8|          0|
    |vector_4_1_reg_286                        |    8|   0|    8|          0|
    |vector_4_2_reg_458                        |    8|   0|    8|          0|
    |vector_4_3_reg_362                        |    8|   0|    8|          0|
    |vector_4_4_reg_650                        |    8|   0|    8|          0|
    |vector_4_5_reg_554                        |    8|   0|    8|          0|
    |vector_4_6_reg_842                        |    8|   0|    8|          0|
    |vector_4_7_reg_746                        |    8|   0|    8|          0|
    |vector_4_8_reg_1034                       |    8|   0|    8|          0|
    |vector_4_9_reg_938                        |    8|   0|    8|          0|
    |vector_4_s_reg_1226                       |    8|   0|    8|          0|
    |vector_5_10_reg_1241                      |    8|   0|    8|          0|
    |vector_5_11_reg_1433                      |    8|   0|    8|          0|
    |vector_5_12_reg_1538                      |    8|   0|    8|          0|
    |vector_5_13_reg_1625                      |    8|   0|    8|          0|
    |vector_5_14_reg_1731                      |    8|   0|    8|          0|
    |vector_5_15_reg_1820                      |    8|   0|    8|          0|
    |vector_5_1_reg_296                        |    8|   0|    8|          0|
    |vector_5_2_reg_473                        |    8|   0|    8|          0|
    |vector_5_3_reg_374                        |    8|   0|    8|          0|
    |vector_5_4_reg_665                        |    8|   0|    8|          0|
    |vector_5_5_reg_566                        |    8|   0|    8|          0|
    |vector_5_6_reg_857                        |    8|   0|    8|          0|
    |vector_5_7_reg_758                        |    8|   0|    8|          0|
    |vector_5_8_reg_1049                       |    8|   0|    8|          0|
    |vector_5_9_reg_950                        |    8|   0|    8|          0|
    |vector_5_s_reg_1142                       |    8|   0|    8|          0|
    |vector_6_10_reg_1256                      |    8|   0|    8|          0|
    |vector_6_11_reg_1346                      |    8|   0|    8|          0|
    |vector_6_12_reg_1448                      |    8|   0|    8|          0|
    |vector_6_13_reg_1640                      |    8|   0|    8|          0|
    |vector_6_14_reg_1743                      |    8|   0|    8|          0|
    |vector_6_15_reg_1833                      |    8|   0|    8|          0|
    |vector_6_1_reg_306                        |    8|   0|    8|          0|
    |vector_6_2_reg_488                        |    8|   0|    8|          0|
    |vector_6_3_reg_386                        |    8|   0|    8|          0|
    |vector_6_4_reg_680                        |    8|   0|    8|          0|
    |vector_6_5_reg_578                        |    8|   0|    8|          0|
    |vector_6_6_reg_872                        |    8|   0|    8|          0|
    |vector_6_7_reg_770                        |    8|   0|    8|          0|
    |vector_6_8_reg_1064                       |    8|   0|    8|          0|
    |vector_6_9_reg_962                        |    8|   0|    8|          0|
    |vector_6_s_reg_1154                       |    8|   0|    8|          0|
    |vector_7_1_reg_316                        |    8|   0|    8|          0|
    |vector_7_2_reg_503                        |    8|   0|    8|          0|
    |vector_7_3_reg_1463                       |    8|   0|    8|          0|
    |vector_7_4_reg_695                        |    8|   0|    8|          0|
    |vector_7_5_reg_1656                       |    8|   0|    8|          0|
    |vector_7_6_reg_887                        |    8|   0|    8|          0|
    |vector_7_7_reg_1846                       |    8|   0|    8|          0|
    |vector_7_8_reg_1079                       |    8|   0|    8|          0|
    |vector_7_s_reg_1271                       |    8|   0|    8|          0|
    +------------------------------------------+-----+----+-----+-----------+
    |Total                                     | 2412|   0| 2428|         16|
    +------------------------------------------+-----+----+-----+-----------+



================================================================
== Interface
================================================================
* Summary: 
+------------------------+-----+-----+------------+--------------+--------------+
|        RTL Ports       | Dir | Bits|  Protocol  | Source Object|    C Type    |
+------------------------+-----+-----+------------+--------------+--------------+
|s_axi_AXILiteS_AWVALID  |  in |    1|    s_axi   |   AXILiteS   |    scalar    |
|s_axi_AXILiteS_AWREADY  | out |    1|    s_axi   |   AXILiteS   |    scalar    |
|s_axi_AXILiteS_AWADDR   |  in |    5|    s_axi   |   AXILiteS   |    scalar    |
|s_axi_AXILiteS_WVALID   |  in |    1|    s_axi   |   AXILiteS   |    scalar    |
|s_axi_AXILiteS_WREADY   | out |    1|    s_axi   |   AXILiteS   |    scalar    |
|s_axi_AXILiteS_WDATA    |  in |   32|    s_axi   |   AXILiteS   |    scalar    |
|s_axi_AXILiteS_WSTRB    |  in |    4|    s_axi   |   AXILiteS   |    scalar    |
|s_axi_AXILiteS_ARVALID  |  in |    1|    s_axi   |   AXILiteS   |    scalar    |
|s_axi_AXILiteS_ARREADY  | out |    1|    s_axi   |   AXILiteS   |    scalar    |
|s_axi_AXILiteS_ARADDR   |  in |    5|    s_axi   |   AXILiteS   |    scalar    |
|s_axi_AXILiteS_RVALID   | out |    1|    s_axi   |   AXILiteS   |    scalar    |
|s_axi_AXILiteS_RREADY   |  in |    1|    s_axi   |   AXILiteS   |    scalar    |
|s_axi_AXILiteS_RDATA    | out |   32|    s_axi   |   AXILiteS   |    scalar    |
|s_axi_AXILiteS_RRESP    | out |    2|    s_axi   |   AXILiteS   |    scalar    |
|s_axi_AXILiteS_BVALID   | out |    1|    s_axi   |   AXILiteS   |    scalar    |
|s_axi_AXILiteS_BREADY   |  in |    1|    s_axi   |   AXILiteS   |    scalar    |
|s_axi_AXILiteS_BRESP    | out |    2|    s_axi   |   AXILiteS   |    scalar    |
|ap_clk                  |  in |    1| ap_ctrl_hs |   dijkstra   | return value |
|ap_rst_n                |  in |    1| ap_ctrl_hs |   dijkstra   | return value |
|interrupt               | out |    1| ap_ctrl_hs |   dijkstra   | return value |
|d_in_TDATA              |  in |    8|    axis    |  d_in_data_V |    pointer   |
|d_in_TVALID             |  in |    1|    axis    |  d_in_data_V |    pointer   |
|d_in_TREADY             | out |    1|    axis    |  d_in_last_V |    pointer   |
|d_in_TLAST              |  in |    1|    axis    |  d_in_last_V |    pointer   |
|d_out_TDATA             | out |    8|    axis    | d_out_data_V |    pointer   |
|d_out_TVALID            | out |    1|    axis    | d_out_last_V |    pointer   |
|d_out_TREADY            |  in |    1|    axis    | d_out_last_V |    pointer   |
|d_out_TLAST             | out |    1|    axis    | d_out_last_V |    pointer   |
+------------------------+-----+-----+------------+--------------+--------------+

